.next/dev/types/validator.ts(108,31): error TS2344: Type 'typeof import("C:/Users/temwa/Desktop/Cool/cool-enterprises-chat-app-assignment/app/api/conversations/[conversationId]/members/[userId]/route")' does not satisfy the constraint 'RouteHandlerConfig<"/api/conversations/[conversationId]/members/[userId]">'.
  Types of property 'PATCH' are incompatible.
    Type '(req: Request, { params }: { params: { conversationId: string; userId: string; }; }) => Promise<NextResponse<unknown>>' is not assignable to type '(request: NextRequest, context: { params: Promise<{ conversationId: string; userId: string; }>; }) => void | Response | Promise<void | Response>'.
      Types of parameters '__1' and 'context' are incompatible.
        Type '{ params: Promise<{ conversationId: string; userId: string; }>; }' is not assignable to type '{ params: { conversationId: string; userId: string; }; }'.
          Types of property 'params' are incompatible.
            Type 'Promise<{ conversationId: string; userId: string; }>' is missing the following properties from type '{ conversationId: string; userId: string; }': conversationId, userId
.next/dev/types/validator.ts(117,31): error TS2344: Type 'typeof import("C:/Users/temwa/Desktop/Cool/cool-enterprises-chat-app-assignment/app/api/conversations/[conversationId]/route")' does not satisfy the constraint 'RouteHandlerConfig<"/api/conversations/[conversationId]">'.
  Types of property 'GET' are incompatible.
    Type '(req: Request, { params }: { params: { conversationId: string; }; }) => Promise<NextResponse<unknown>>' is not assignable to type '(request: NextRequest, context: { params: Promise<{ conversationId: string; }>; }) => void | Response | Promise<void | Response>'.
      Types of parameters '__1' and 'context' are incompatible.
        Type '{ params: Promise<{ conversationId: string; }>; }' is not assignable to type '{ params: { conversationId: string; }; }'.
          Types of property 'params' are incompatible.
            Property 'conversationId' is missing in type 'Promise<{ conversationId: string; }>' but required in type '{ conversationId: string; }'.
.next/types/validator.ts(108,31): error TS2344: Type 'typeof import("C:/Users/temwa/Desktop/Cool/cool-enterprises-chat-app-assignment/app/api/conversations/[conversationId]/members/[userId]/route")' does not satisfy the constraint 'RouteHandlerConfig<"/api/conversations/[conversationId]/members/[userId]">'.
  Types of property 'PATCH' are incompatible.
    Type '(req: Request, { params }: { params: { conversationId: string; userId: string; }; }) => Promise<NextResponse<unknown>>' is not assignable to type '(request: NextRequest, context: { params: Promise<{ conversationId: string; userId: string; }>; }) => void | Response | Promise<void | Response>'.
      Types of parameters '__1' and 'context' are incompatible.
        Type '{ params: Promise<{ conversationId: string; userId: string; }>; }' is not assignable to type '{ params: { conversationId: string; userId: string; }; }'.
          Types of property 'params' are incompatible.
            Type 'Promise<{ conversationId: string; userId: string; }>' is missing the following properties from type '{ conversationId: string; userId: string; }': conversationId, userId
.next/types/validator.ts(117,31): error TS2344: Type 'typeof import("C:/Users/temwa/Desktop/Cool/cool-enterprises-chat-app-assignment/app/api/conversations/[conversationId]/route")' does not satisfy the constraint 'RouteHandlerConfig<"/api/conversations/[conversationId]">'.
  Types of property 'GET' are incompatible.
    Type '(req: Request, { params }: { params: { conversationId: string; }; }) => Promise<NextResponse<unknown>>' is not assignable to type '(request: NextRequest, context: { params: Promise<{ conversationId: string; }>; }) => void | Response | Promise<void | Response>'.
      Types of parameters '__1' and 'context' are incompatible.
        Type '{ params: Promise<{ conversationId: string; }>; }' is not assignable to type '{ params: { conversationId: string; }; }'.
          Types of property 'params' are incompatible.
            Property 'conversationId' is missing in type 'Promise<{ conversationId: string; }>' but required in type '{ conversationId: string; }'.
app/auth/actions.ts(10,39): error TS2554: Expected 0 arguments, but got 1.
app/auth/actions.ts(30,39): error TS2554: Expected 0 arguments, but got 1.
app/auth/actions.ts(59,39): error TS2554: Expected 0 arguments, but got 1.
